// Jest Snapshot v1, https://goo.gl/fbAQLP

exports[`<MyComponent /> renders correctly 1`] = `
<DocumentFragment>
  <div>
    MyComponent
  </div>
</DocumentFragment>
`;
